---
source: src/configure/ui.rs
expression: terminal.backend()
---
"Quit <Esc>                                                                                          "
"Navigate <↑↓>                                                                                       "
"Continue <Enter>                                                                                    "
"Yes <y>                                                                                             "
"No <n>                                                                                              "
"                                                                                                    "
"                                                                                                    "
"                                                                                                    "
"                                                                                                    "
"                                                                                                    "
"                                                                                                    "
"                                                                                                    "
"                                                                                                    "
"                                                                                                    "
"                                                                                                    "
"                                                                                                    "
"                                                                                                    "
"                                                                                                    "
"                                                                                                    "
"                                                                                                    "
"                                                                                                    "
"                                                                                                    "
"                                                                                                    "
"                                                                                                    "
"                                                                                                    "
"                                                                                                    "
"                                                                                                    "
"                                                                                                    "
"                                                                                                    "
"                                                                                                    "
