---
source: src/configure/ui/helper.rs
expression: terminal.backend()
---
"                                                                                                    "
"                                                                                                    "
"                                                                                                    "
"                                                                                                    "
"                                                                                                    "
"                                                                                                    "
"                                                                                                    "
"                                                                                                    "
"                         ┌popup_area──────────────────────────────────────┐                         "
"                         │                                                │                         "
"                         │                                                │                         "
"                         │                                                │                         "
"                         │                                                │                         "
"                         │                                                │                         "
"                         │                                                │                         "
"                         │                                                │                         "
"                         │                                                │                         "
"                         │                                                │                         "
"                         │                                                │                         "
"                         │                                                │                         "
"                         │                                                │                         "
"                         │                                                │                         "
"                         └────────────────────────────────────────────────┘                         "
"                                                                                                    "
"                                                                                                    "
"                                                                                                    "
"                                                                                                    "
"                                                                                                    "
"                                                                                                    "
"                                                                                                    "
