---
source: src/configure/ui/tweaker.rs
expression: terminal.backend()
---
"┏━━━━━━━━━━━━━━━━━━━━━━━━━━━━━━━━━━━━ linux-enable-ir-emitter ━━━━━━━━━━━━━━━━━━━━━━━━━━━━━━━━━━━━━┓"
"┃┌ Modifiable UVC Controls ──────────────────────┐┌ Camera Preview ───────────────────────────────┐┃"
"┃│                                               ││                                               │┃"
"┃│                                               ││                                               │┃"
"┃│                                               ││                                               │┃"
"┃│                                               ││                                               │┃"
"┃│                                               ││                                               │┃"
"┃│                                               ││                                               │┃"
"┃│                                               ││                                               │┃"
"┃│                                               ││                                               │┃"
"┃│                                               ││                                               │┃"
"┃│                                               ││                                               │┃"
"┃│                                               ││                                               │┃"
"┃│                                               ││                                               │┃"
"┃│                                               ││                                               │┃"
"┃│                                               ││                                               │┃"
"┃│                                               ││                                               │┃"
"┃│                                               ││                                               │┃"
"┃│                                               ││                                               │┃"
"┃│                                               ││                                               │┃"
"┃│                                               ││                                               │┃"
"┃│                                               ││                                               │┃"
"┃│                                               ││                                               │┃"
"┃│                                               ││                                               │┃"
"┃│                                               ││                                               │┃"
"┃│                                               ││                                               │┃"
"┃└───────────────────────────────────────────────┘└───────────────────────────────────────────────┘┃"
"┃──────────────────────────────────────────────────────────────────────────────────────────────────┃"
"┃                                    Navigate <Tab>   Quit <Esc>                                   ┃"
"┗━━━━━━━━━━━━━━━━━━━━━━━━━━━━━━━━━━━━━━━━━━━━━━━━━━━━━━━━━━━━━━━━━━━━━━━━━━━━━━━━━━━━━━━━━━━━━━━━━━┛"
