---
source: src/configure/ui/tweaker.rs
expression: terminal.backend()
---
"┏━━━━━━━━━━━━━━━━━━━━━━━━━━━━━━━━━━━━ linux-enable-ir-emitter ━━━━━━━━━━━━━━━━━━━━━━━━━━━━━━━━━━━━━┓"
"┃┌ UVC Controls ─────────────────────────────────┐┌ Camera Preview ───────────────────────────────┐┃"
"┃│                                               ││                                               │┃"
"┃│                                               ││                                               │┃"
"┃│                                               ││                                               │┃"
"┃│                                               ││                                               │┃"
"┃│                                               ││                                               │┃"
"┃│                                               ││                                               │┃"
"┃│                                               ││                                               │┃"
"┃│                                               ││                                               │┃"
"┃│                                               ││                                               │┃"
"┃│                                               ││                                               │┃"
"┃│                                               ││                                               │┃"
"┃│                                               ││                                               │┃"
"┃│                                               ││                                               │┃"
"┃│                                               ││                                               │┃"
"┃│                                               ││                                               │┃"
"┃│                                               ││                                               │┃"
"┃│                                               ││                                               │┃"
"┃│                                               ││                                               │┃"
"┃│                                               ││                                               │┃"
"┃│                                               ││                                               │┃"
"┃│                                               ││                                               │┃"
"┃│                                               ││                                               │┃"
"┃│                                               ││                                               │┃"
"┃│                                               ││                                               │┃"
"┃└───────────────────────────────────────────────┘└───────────────────────────────────────────────┘┃"
"┃──────────────────────────────────────────────────────────────────────────────────────────────────┃"
"┃                             Navigate <↑↓>   Edit <Enter>   Quit <Esc>                            ┃"
"┗━━━━━━━━━━━━━━━━━━━━━━━━━━━━━━━━━━━━━━━━━━━━━━━━━━━━━━━━━━━━━━━━━━━━━━━━━━━━━━━━━━━━━━━━━━━━━━━━━━┛"
