---
source: src/configure/ui/ir_enabler.rs
expression: terminal.backend()
---
"┏━━━━━━━━━━━━━━━━━━━━━━━━━━━━━━━━━━━━ linux-enable-ir-emitter ━━━━━━━━━━━━━━━━━━━━━━━━━━━━━━━━━━━━━┓"
"┃┌ Question ─────────────────────────────────────┐┌ Camera Preview ───────────────────────────────┐┃"
"┃│                Please wait...                 ││                                               │┃"
"┃│                                               ││                                               │┃"
"┃└───────────────────────────────────────────────┘│                                               │┃"
"┃┌ Modifiable UVC Controls ──────────────────────┐│                                               │┃"
"┃│                                               ││                                               │┃"
"┃│                                               ││                                               │┃"
"┃│                                               ││                                               │┃"
"┃│                                               ││                                               │┃"
"┃│                                               ││                                               │┃"
"┃│                                               ││                                               │┃"
"┃│                                               ││                                               │┃"
"┃│                                               ││                                               │┃"
"┃│                                               ││                                               │┃"
"┃│                                               ││                                               │┃"
"┃│                                               ││                                               │┃"
"┃│                                               ││                                               │┃"
"┃│                                               ││                                               │┃"
"┃│                                               ││                                               │┃"
"┃│                                               ││                                               │┃"
"┃│                                               ││                                               │┃"
"┃│                                               ││                                               │┃"
"┃│                                               ││                                               │┃"
"┃│                                               ││                                               │┃"
"┃│                                               ││                                               │┃"
"┃└───────────────────────────────────────────────┘└───────────────────────────────────────────────┘┃"
"┃──────────────────────────────────────────────────────────────────────────────────────────────────┃"
"┃                                            Quit <Esc>                                            ┃"
"┗━━━━━━━━━━━━━━━━━━━━━━━━━━━━━━━━━━━━━━━━━━━━━━━━━━━━━━━━━━━━━━━━━━━━━━━━━━━━━━━━━━━━━━━━━━━━━━━━━━┛"
