---
source: src/configure/ui/ir_enabler.rs
expression: terminal.backend()
---
"┏━━━━━━━━━━━━━━━━━━━━━━━━━━━━━━━━━━━━ linux-enable-ir-emitter ━━━━━━━━━━━━━━━━━━━━━━━━━━━━━━━━━━━━━┓"
"┃┌ Question ─────────────────────────────────────┐┌ Camera Preview ───────────────────────────────┐┃"
"┃│                Please wait...                 ││                                               │┃"
"┃│                                               ││                                               │┃"
"┃└───────────────────────────────────────────────┘│                                               │┃"
"┃┌ Modifiable UVC Controls ──────────────────────┐│                                               │┃"
"┃│                                               ││                                               │┃"
"┃│                                               ││                                               │┃"
"┃│                                               ││                                               │┃"
"┃│                                               ││                                               │┃"
"┃│                                               ││                                               │┃"
"┃│                                               ││                                               │┃"
"┃│                       ╔════════════════════════════════════════════════╗                       │┃"
"┃│                       ║   Are you sure you want to abort the process?  ║                       │┃"
"┃│                       ║                Yes <y>   No <n>                ║                       │┃"
"┃│                       ╚════════════════════════════════════════════════╝                       │┃"
"┃│                                               ││                                               │┃"
"┃│                                               ││                                               │┃"
"┃│                                               ││                                               │┃"
"┃│                                               ││                                               │┃"
"┃│                                               ││                                               │┃"
"┃│                                               ││                                               │┃"
"┃│                                               ││                                               │┃"
"┃│                                               ││                                               │┃"
"┃│                                               ││                                               │┃"
"┃│                                               ││                                               │┃"
"┃└───────────────────────────────────────────────┘└───────────────────────────────────────────────┘┃"
"┃──────────────────────────────────────────────────────────────────────────────────────────────────┃"
"┃                                            Quit <Esc>                                            ┃"
"┗━━━━━━━━━━━━━━━━━━━━━━━━━━━━━━━━━━━━━━━━━━━━━━━━━━━━━━━━━━━━━━━━━━━━━━━━━━━━━━━━━━━━━━━━━━━━━━━━━━┛"
