---
source: src/configure/ui/shared.rs
expression: terminal.backend()
---
"┌ Camera Preview ──────────────────────────────────────────────────────────────────────────────────┐"
"│                                                                                                  │"
"│                                                                                                  │"
"│                                          ▄     ▄▄▄     ▄                                         │"
"│                                   ▄▄    ▄▄▄▄  ▄▄▄▄▄  ▄▄▄▄    ▄▄                                  │"
"│                                   ▄▄▄▄▄▄▄▄▄▄▄▄▄▄▄▄▄▄▄▄▄▄▄▄▄▄▄▄▄▄                                 │"
"│                             ▄▄▄▄▄▄▄▄▄▄▄▄▄▄▄▄▄▄▄▄▄▄▄▄▄▄▄▄▄▄▄▄▄▄▄▄▄▄▄▄▄▄                           │"
"│                             ▄▄▄▄▄▄▄▄▄▄▄▄▄▄▄▄▄▄▄▄▄▄▄▄▄▄▄▄▄▄▄▄▄▄▄▄▄▄▄▄▄▄                 ▄▄        │"
"│        ▄▄▄            ▄▄▄▄▄▄▄▄▄▄▄▄▄▄▄▄▄▄▄▄▄▄▄▄▄▄▄▄▄▄▄▄▄▄▄▄▄▄▄▄▄▄▄▄▄▄▄▄▄▄▄▄▄         ▄▄▄▄▄     ▄  │"
"│  ▄▄▄   ▄▄▄▄▄          ▀▄▄▄▄▄▄▄▄▄▄▄▄▄▄▄▄▄▄▄▄▄▄▄▄▄▄▄▄▄▄▄▄▄▄▄▄▄▄▄▄▄▄▄▄▄▄▄▄▄▄▄▀        ▄▄▄▄▄▄    ▄▄▄ │"
"│ ▄▄▄▄▄  ▀▄▄▄▄▄     ▄▄▄▄▄▄▄▄▄▄▄▄▄▄▄▄▄▄▄▄▄▄▄▄▄▄▄▄▄▄▄▄▄▄▄▄▄▄▄▄▄▄▄▄▄▄▄▄▄▄▄▄▄▄▄▄▄▄▄▄▄   ▄▄▄▄▄▄▄  ▄▄▄▄▄ │"
"│ ▄▄▄▄▄▄▄ ▄▄▄▄▄▄    ▄▄▄▄▄▄▄▄▄▄▄▄▄▄▄▄▄▄▄▄▄▄▄▄▄▄▄▄▄▄▄▄▄▄▄▄▄▄▄▄▄▄▄▄▄▄▄▄▄▄▄▄▄▄▄▄▄▄▄▄▄   ▄▄▄▄▄▄▄▄▄▄▄▄▀▀ │"
"│ ▀▀▄▄▄▄▄▄▄▄▄▄▄▀    ▀▄▄▄▄▄▄▄▄▄▄▄▄▄▄▄▄▄▄▄▄▄▄▄▄▄▄▄▄▄▄▄▄▄▄▄▄▄▄▄▄▄▄▄▄▄▄▄▄▄▄▄▄▄▄▄▄▄▄▄▀   ▀▄▄▄▄▄▄▄▄▄▄▀   │"
"│   ▀▀▄▄▄▄▄▄▄▄▀ ▄▄▄▄▄▄▄▄▄▄▄▄▄▄▄▄▄▄▄▄▄▄▄▄▄▄▄▄▄▄▄▄▄▄▄▄▄▄▄▄▄▄▄▄▄▄▄▄▄▄▄▄▄▄▄▄▄▄▄▄▄▄▄▄▄▄▄▄▄▀▀▄▄▄▄▄▀▀▀    │"
"│     ▀▀▀▀▄▄▄▄  ▀▄▄▄▄▄▄▄▄▄▄▄▄▄▄▄▄▄▄▄▄▄▄▄▄▄▄▄▄▄▄▄▄▄▄▄▄▄▄▄▄▄▄▄▄▄▄▄▄▄▄▄▄▄▄▄▄▄▄▄▄▄▄▄▄▄▄▄▀▄▄▄▄▀▀▀       │"
"│         ▀▄▄▄▄▄▄▄▄▄▄▄▄▄▄▄▄▄▄▄▄▄▄▄▄▄▄▄▄▄▄▄▄▄▄▄▄▄▄▄▄▄▄▄▄▄▄▄▄▄▄▄▄▄▄▄▄▄▄▄▄▄▄▄▄▄▄▄▄▄▄▄▄▄▄▄▄▀▀          │"
"│          ▀▀▀▀▄▄▄▄▄▄▄▄▄▄▄▄▄▄▄▄▄▄▄▄▄▄▄▄▄▄▄▄▄▄▄▄▄▄▄▄▄▄▄▄▄▄▄▄▄▄▄▄▄▄▄▄▄▄▄▄▄▄▄▄▄▄▄▄▄▄▄▄▄▄▄▀            │"
"│             ▄▄▄▄▄▄▄▄▄▄▄▄▄▄▄▄▄▄▄▄▄▄▄▄▄▄▄▄▄▄▄▄▄▄▄▄▄▄▄▄▄▄▄▄▄▄▄▄▄▄▄▄▄▄▄▄▄▄▄▄▄▄▄▄▄▄▄▄▄▄▄▄▄▄▄          │"
"│           ▄▄▄▄▄▄▀▀▄▄▄▄▄▄▄▄▄▄▄▄▄▄▄▄▄▄▄▄▄▄▄▄▄▄▄▄▄▄▄▄▄▄▄▄▄▄▄▄▄▄▄▄▄▄▄▄▄▄▄▄▄▄▄▄▄▄▄▀▄▄▄▀▄▄▄▄▄          │"
"│           ▀▀▄▄▄▄▄ ▀▀▄▄▀▀▀▀▄▄▄▄▄▄▄▄▄▄▄▄▄▄▄▄▄▄▄▄▄▄▄▄▄▄▄▄▄▄▄▄▄▄▄▄▄▄▄▄▄▄▄▄▄▄▀▀▀▀▀▄▄▀▀▄▄▄▄▄▀          │"
"│             ▀▀▄▄▄▄▄ ▀▄▄   ▀▀▀▀▀▀▀▀▀▀▄▄▄▄▄▄▄▄▄▄▄▄▄▄▄▄▄▄▄▄▄▄▄▄▄▄▄▀▀▀▀▀▀▀▀▀    ▄▄▀  ▄▄▄▀▀           │"
"│               ▀▀▄▄▄▄ ▀▀▄▄           ▀▀▀▀▀▀▀▀▀▀▀▀▀▀▀▀▀▀▀▀▀▀▀▀▀▀▀            ▄▀▀  ▄▄▄▀             │"
"│                 ▀▀▀▄▄▄ ▀▀                                                 ▄▀   ▄▄▀▀              │"
"│                    ▀▀▄▄                                                   ▀   ▄▀▀                │"
"│                      ▀▀▄                                                     ▄▀                  │"
"│                        ▀                                                     ▀                   │"
"│                                                                                                  │"
"│                                                                                                  │"
"│                                                                                                  │"
"└──────────────────────────────────────────────────────────────────────────────────────────────────┘"
